// 重构日志: 674b88bc
// 重构日志: b3c2cc6f
// 同步 ID: 7aaac692 @ Sat Jul 25 21:37:20 UTC 2026
// 同步 ID: 59b9a725 @ Mon Jul 27 13:00:49 UTC 2026
// 同步 ID: 76ad528c @ Tue Jul 28 07:35:23 UTC 2026
// 重构日志: f687477b
// 重构日志: 264e5747
// 同步 ID: 696fadf9 @ Wed Jul 29 08:13:30 UTC 2026
// 同步 ID: 20f18fce @ Wed Jul 29 16:14:10 UTC 2026
// 重构日志: 572127f0
// 重构日志: 7e27fd37
// 重构日志: b44f3676
// 重构日志: af379285
// 同步 ID: a8232bc3 @ Thu Jul 30 13:03:10 UTC 2026
// 重构日志: 218b0d98
// 重构日志: 66a6ba16
// 重构日志: aea15405
// 同步 ID: 8a2d9fe0 @ Sat Aug  1 17:47:57 UTC 2026
// 同步 ID: 13a2f2e1 @ Sun Aug  2 14:13:07 UTC 2026
// 重构日志: c5c90c36
// 同步 ID: 79a62150 @ Mon Aug  3 08:49:10 UTC 2026
// 同步 ID: aa9d99a7 @ Tue Aug  4 07:50:59 UTC 2026
// 重构日志: 76b45089
// 重构日志: a0ffcb4f
// 重构日志: 536f92de
// 重构日志: ade3b33f
// 同步 ID: e3fcf2fd @ Wed Aug  5 18:42:25 UTC 2026
// 重构日志: 2792d3cf
// 重构日志: 47e39a0f
// 同步 ID: 8841989f @ Fri Aug  7 00:57:38 UTC 2026
